[0m00:42:47.448285 [debug] [MainThread]: Sending event: {'category': 'dbt', 'action': 'invocation', 'label': 'start', 'context': [<snowplow_tracker.self_describing_json.SelfDescribingJson object at 0x109557cb0>, <snowplow_tracker.self_describing_json.SelfDescribingJson object at 0x109fc1040>, <snowplow_tracker.self_describing_json.SelfDescribingJson object at 0x109fc0b90>]}


============================== 00:42:47.463087 | be6aeb1c-96ac-43ac-8746-622c63e3431d ==============================
[0m00:42:47.463087 [info ] [MainThread]: Running with dbt=1.12.3
[0m00:42:47.463370 [debug] [MainThread]: running dbt with arguments {'maximum_seed_size_mib': '1', 'version_check': 'True', 'cache_selected_only': 'False', 'target_path': 'None', 'warn_error': 'None', 'use_colors': 'True', 'hints_enabled': 'True', 'introspect': 'True', 'log_format': 'default', 'partial_parse': 'True', 'printer_width': '80', 'warn_error_options': 'WarnErrorOptionsV2(error=[], warn=[], silence=[])', 'log_cache_events': 'False', 'log_path': 'logs', 'invocation_command': 'dbt init task01', 'fail_fast': 'False', 'profiles_dir': '/Users/uramasaharu/.dbt', 'empty': 'None', 'write_json': 'True', 'static_parser': 'True', 'indirect_selection': 'eager', 'no_print': 'None', 'quiet': 'False', 'use_experimental_parser': 'False', 'send_anonymous_usage_stats': 'True', 'debug': 'False'}
[0m00:42:47.499521 [debug] [MainThread]: Starter project path: /Users/uramasaharu/Documents/develop/muscle_training/.venv/lib/python3.12/site-packages/dbt/include/starter_project
[0m00:42:47.506110 [info ] [MainThread]: Setting up your profile.
[0m00:43:00.902246 [debug] [MainThread]: Snowflake adapter: Setting snowflake.connector to ERROR (file logging only)
[0m00:43:00.902754 [debug] [MainThread]: Snowflake adapter: Setting botocore to ERROR (file logging only)
[0m00:43:00.903110 [debug] [MainThread]: Snowflake adapter: Setting boto3 to ERROR (file logging only)
[0m00:43:20.828089 [error] [MainThread]: [[31mERROR[0m]: Encountered an error:

[0m00:43:20.838385 [error] [MainThread]: Traceback (most recent call last):
  File "/Users/uramasaharu/Documents/develop/muscle_training/.venv/lib/python3.12/site-packages/dbt/cli/requires.py", line 198, in wrapper
    result, success = func(*args, **kwargs)
                      ^^^^^^^^^^^^^^^^^^^^^
  File "/Users/uramasaharu/Documents/develop/muscle_training/.venv/lib/python3.12/site-packages/dbt/cli/requires.py", line 144, in wrapper
    return func(*args, **kwargs)
           ^^^^^^^^^^^^^^^^^^^^^
  File "/Users/uramasaharu/Documents/develop/muscle_training/.venv/lib/python3.12/site-packages/dbt/cli/main.py", line 504, in init
    results = task.run()
              ^^^^^^^^^^
  File "/Users/uramasaharu/Documents/develop/muscle_training/.venv/lib/python3.12/site-packages/dbt/task/init.py", line 363, in run
    self.setup_profile(profile_name)
  File "/Users/uramasaharu/Documents/develop/muscle_training/.venv/lib/python3.12/site-packages/dbt/task/init.py", line 265, in setup_profile
    self.create_profile_from_target(adapter, profile_name=profile_name)
  File "/Users/uramasaharu/Documents/develop/muscle_training/.venv/lib/python3.12/site-packages/dbt/task/init.py", line 182, in create_profile_from_target
    self.create_profile_from_profile_template(profile_template, profile_name)
  File "/Users/uramasaharu/Documents/develop/muscle_training/.venv/lib/python3.12/site-packages/dbt/task/init.py", line 166, in create_profile_from_profile_template
    target = self.generate_target_from_input(prompts, initial_target)
             ^^^^^^^^^^^^^^^^^^^^^^^^^^^^^^^^^^^^^^^^^^^^^^^^^^^^^^^^
  File "/Users/uramasaharu/Documents/develop/muscle_training/.venv/lib/python3.12/site-packages/dbt/task/init.py", line 132, in generate_target_from_input
    target[key] = click.prompt(
                  ^^^^^^^^^^^^^
  File "/Users/uramasaharu/Documents/develop/muscle_training/.venv/lib/python3.12/site-packages/click/termui.py", line 218, in prompt
    value = prompt_func(prompt)
            ^^^^^^^^^^^^^^^^^^^
  File "/Users/uramasaharu/Documents/develop/muscle_training/.venv/lib/python3.12/site-packages/click/termui.py", line 201, in prompt_func
    raise Abort() from None
click.exceptions.Abort

[0m00:43:20.871855 [debug] [MainThread]: Resource report: {"command_name": "init", "command_success": false, "command_wall_clock_time": 33.4673, "process_in_blocks": "0", "process_kernel_time": 0.618113, "process_mem_max_rss": "246071296", "process_out_blocks": "0", "process_user_time": 2.60847}
[0m00:43:20.873064 [debug] [MainThread]: Command `dbt init` failed at 00:43:20.872955 after 33.47 seconds
[0m00:43:20.873494 [debug] [MainThread]: Sending event: {'category': 'dbt', 'action': 'invocation', 'label': 'end', 'context': [<snowplow_tracker.self_describing_json.SelfDescribingJson object at 0x109fc1250>, <snowplow_tracker.self_describing_json.SelfDescribingJson object at 0x11b103140>, <snowplow_tracker.self_describing_json.SelfDescribingJson object at 0x10961b3b0>]}
[0m00:43:20.874069 [debug] [MainThread]: Flushing usage events
[0m00:43:21.653239 [debug] [MainThread]: An error was encountered while trying to flush usage events
[0m00:44:34.258486 [debug] [MainThread]: Sending event: {'category': 'dbt', 'action': 'invocation', 'label': 'start', 'context': [<snowplow_tracker.self_describing_json.SelfDescribingJson object at 0x1055fbcb0>, <snowplow_tracker.self_describing_json.SelfDescribingJson object at 0x10601d700>, <snowplow_tracker.self_describing_json.SelfDescribingJson object at 0x10601d250>]}


============================== 00:44:34.260669 | 2c45bd28-2028-498d-b837-544fa0f7e7e3 ==============================
[0m00:44:34.260669 [info ] [MainThread]: Running with dbt=1.12.3
[0m00:44:34.260940 [debug] [MainThread]: running dbt with arguments {'target_path': 'None', 'log_format': 'default', 'no_print': 'None', 'warn_error_options': 'WarnErrorOptionsV2(error=[], warn=[], silence=[])', 'debug': 'False', 'partial_parse': 'True', 'empty': 'None', 'write_json': 'True', 'send_anonymous_usage_stats': 'True', 'static_parser': 'True', 'hints_enabled': 'True', 'introspect': 'True', 'maximum_seed_size_mib': '1', 'use_experimental_parser': 'False', 'invocation_command': 'dbt init task01 --skip-profile-setup', 'log_cache_events': 'False', 'indirect_selection': 'eager', 'warn_error': 'None', 'version_check': 'True', 'log_path': 'logs', 'printer_width': '80', 'profiles_dir': '/Users/uramasaharu/.dbt', 'quiet': 'False', 'fail_fast': 'False', 'cache_selected_only': 'False', 'use_colors': 'True'}
[0m00:44:34.269204 [info ] [MainThread]: A project called task01 already exists here.
[0m00:44:34.271859 [debug] [MainThread]: Resource report: {"command_name": "init", "command_success": true, "command_wall_clock_time": 0.051868126, "process_in_blocks": "0", "process_kernel_time": 0.106634, "process_mem_max_rss": "120193024", "process_out_blocks": "0", "process_user_time": 0.512398}
[0m00:44:34.272073 [debug] [MainThread]: Command `dbt init` succeeded at 00:44:34.272034 after 0.05 seconds
[0m00:44:34.272220 [debug] [MainThread]: Sending event: {'category': 'dbt', 'action': 'invocation', 'label': 'end', 'context': [<snowplow_tracker.self_describing_json.SelfDescribingJson object at 0x102ec8b30>, <snowplow_tracker.self_describing_json.SelfDescribingJson object at 0x10603c530>, <snowplow_tracker.self_describing_json.SelfDescribingJson object at 0x1060c3da0>]}
[0m00:44:34.272372 [debug] [MainThread]: Flushing usage events
[0m00:44:35.012584 [debug] [MainThread]: An error was encountered while trying to flush usage events
[0m00:45:10.196967 [debug] [MainThread]: Sending event: {'category': 'dbt', 'action': 'invocation', 'label': 'start', 'context': [<snowplow_tracker.self_describing_json.SelfDescribingJson object at 0x1023fbbf0>, <snowplow_tracker.self_describing_json.SelfDescribingJson object at 0x105fed910>, <snowplow_tracker.self_describing_json.SelfDescribingJson object at 0x105fed4f0>]}


============================== 00:45:10.199338 | 6d4ea126-c0e5-4885-82cf-1497a2b455b5 ==============================
[0m00:45:10.199338 [info ] [MainThread]: Running with dbt=1.12.3
[0m00:45:10.199595 [debug] [MainThread]: running dbt with arguments {'quiet': 'False', 'send_anonymous_usage_stats': 'True', 'use_experimental_parser': 'False', 'static_parser': 'True', 'target_path': 'None', 'no_print': 'None', 'use_colors': 'True', 'invocation_command': 'dbt clean', 'fail_fast': 'False', 'partial_parse': 'True', 'profiles_dir': '/Users/uramasaharu/.dbt', 'hints_enabled': 'True', 'introspect': 'True', 'debug': 'False', 'write_json': 'True', 'version_check': 'True', 'log_path': 'logs', 'cache_selected_only': 'False', 'warn_error_options': 'WarnErrorOptionsV2(error=[], warn=[], silence=[])', 'warn_error': 'None', 'maximum_seed_size_mib': '1', 'empty': 'None', 'indirect_selection': 'eager', 'log_cache_events': 'False', 'printer_width': '80', 'log_format': 'default'}
[0m00:45:10.200243 [error] [MainThread]: [[31mERROR[0m]: Encountered an error:
Runtime Error
  No dbt_project.yml found at expected path /Users/uramasaharu/Documents/develop/muscle_training/sql/task01/dbt_project.yml
  Verify that each entry within packages.yml (and their transitive dependencies) contains a file named dbt_project.yml
  
[0m00:45:10.201964 [debug] [MainThread]: Resource report: {"command_name": "clean", "command_success": false, "command_wall_clock_time": 0.040495332, "process_in_blocks": "0", "process_kernel_time": 0.0984, "process_mem_max_rss": "119898112", "process_out_blocks": "0", "process_user_time": 0.503944}
[0m00:45:10.202161 [debug] [MainThread]: Command `dbt clean` failed at 00:45:10.202125 after 0.04 seconds
[0m00:45:10.202298 [debug] [MainThread]: Sending event: {'category': 'dbt', 'action': 'invocation', 'label': 'end', 'context': [<snowplow_tracker.self_describing_json.SelfDescribingJson object at 0x1053d3ef0>, <snowplow_tracker.self_describing_json.SelfDescribingJson object at 0x1053d3f80>, <snowplow_tracker.self_describing_json.SelfDescribingJson object at 0x105f704a0>]}
[0m00:45:10.202423 [debug] [MainThread]: Flushing usage events
[0m00:45:11.209282 [debug] [MainThread]: An error was encountered while trying to flush usage events
